line 6: no statement family knows this line inside a run. Known:
    hold :a, :yes
    settle 10_000, temperature: 1, seed: 1
    anneal 4_000, seed: 1
    show   /   best
    ask :a, and: :b, or_not: :c
    m.remember :cat   /   m.save :note, "some text"
    m.recall read-address: :cat, address-noise: 0.3, sweeps: 30, temperature: 0.1, seed: 1
    m.recall key: "secret"   (the key finds the memory and reads it)
    img.lean_from "frame.pgm", by: 1, correct: :yes
    img.show_as "out.pgm", from: :rate
    play :img, frames: "dir/", out: "dir2/", against: "other/", sweeps: 10, warm: :yes, read: :bits|:soft|:rb, keep: 1, correct: :tap|:bethe, copies: 8, update: :gibbs|:checker|:metro|:metro_checker|:cluster, fit: 8, fit_sweeps: 200, fit_update: :cluster, warm_fit: 1, warm_fit_sweeps: 400, warm_from: :leans|:correction, warm_step: 1, cut: 0.25, seed: 1, quiet: :no
    anneal_each 10_000, seed: 1   (each puzzle keeps its own calmest arrangement)
    s.solution   (after anneal: decode the calmest arrangement and check it by the rules)
    examples :data, "file.txt"   /   examples :data, rows: "110"
    learn :data, rounds: 200, rate: 0.05, method: :contrastive, sweeps: 1, batch: 50, decay: 0, seed: 1
    classify :test, labels: "d*", sweeps: 100, seed: 2
    shuffle :data, labels: "d*", seed: 3
    valleys show: 10   (exact, up to 24 free things)
    survey starts: 1000, sweeps: 50, temperature: 0.05, seed: 1, show: 8
    drift 20_000, step: 0.01, temperature: 1, seed: 1, burn: 2_000
    means   /   spread
    solve :x, :y, matrix: "2 1; 1 3", target: "1 2", steps: 100_000, step: 0.01
    s.write ... (as in a model)
    s.read read-address: :cat, address-noise: 0.3, iterated-reads: 10, via: :addresses, seed: 1   (via: :pulls too)
    s.read key: "secret"   /   s.read   (from noise)
    s.write :cat   /   s.write :note, "some text"
    s.read read-address: :cat, address-noise: 0.3, rounds: 3, samples: 16, mode: :pass, seed: 1   (mode :settle adds burn: 10)
    s.attend read-address: :cat, address-noise: 0.3, rounds: 3, seed: 1
    export "m.json", as: :ising   (also :qubo, :gset, :dimacs, :moments, :best)
    import "m.json"   (held things and temperature; refuses if the model differs)
    play_colour :film, frames: "dir/", out: "dir2/", sweeps: 20, warm: :yes, read: :soft, correct: :tap, copies: 1, against: "other/", seed: 1, quiet: :no
    k.read read-address: :cat, address-noise: 0.2, iterated-reads: 20, via: :addresses, seed: 1   (via: :pulls too, with wake: :fixed | :density | :top)
    m.recall_coded read-address: :note, address-noise: 0.3, knows: :name, sweeps: 30, temperature: 0.1, seed: 1   (knows :all = read-address from the stored pattern; sdm takes via: and iterated-reads:)
    d.train :train, rounds: 200, rate: 0.05, sweeps: 1, batch: 50, decay: 0, seed: 1, leans: :data
    d.generate 16, out: "samples.pgm", rows: "samples.txt", chain: "chain.pgm", sweeps: 100, seed: 2
    sample :train, 16, sweeps: 800, seed: 3, out: "direct.pgm", rows: "direct.txt"
    coins :train, 16, seed: 4, out: "coins.pgm", rows: "coins.txt"
    c.transmit flip: 0.03, seed: 1
    c.decode start: :received, sweeps: 400, hot: 1, cold: 0.05, seed: 2
    c.decode_bp
    c.decode_moves mover: :block, block: 4, sweeps: 400, seed: 2
    c.decode_nishimori mover: :block, sweeps: 2000, seed: 3
    refusal word-size: 256, load: 3000, level: 0.01   (the travel rule's threshold and the nearest-neighbour ceiling; no memory built)
    anneal_schedule 100_000, temperature: 2.9, hot: 10, cold: 0.05, restarts: 10, seed: 1
    f.final   (judge the end state the walk came to rest in, beside f.solution's best-so-far)
    contenttrack word-size: 256, hard-locations: 100000, load: 3000, address-noise: 0.3, block: 0, samples: 200   (TRACK-C's predicted recall for the content reads; no memory built)
    descend 20_000, step: 0.01, temperature: 1, cool_to: 0, batch: 100, walkers: 4, seed: 1, method: :adam
    ask   /   ask :w1, :bias   /   score
